// Jest Snapshot v1, https://goo.gl/fbAQLP

exports[`Header renders without changes 1`] = `
<header
  className="p-4 bg-gray-300"
>
  <div
    className="flex items-center ml-4"
  >
    <div
      className="flex items-center"
      onClick={[Function]}
      onMouseEnter={[Function]}
    >
      <img
        alt="Logo de Weather app"
        className="cursor-pointer"
        src="/logo.png"
      />
      <div
        className="pl-2 family-bold cursor-pointer text-indigo-700 font-bold text-lg"
      >
        Weather App
      </div>
    </div>
  </div>
</header>
`;
